// Jest Snapshot v1, https://goo.gl/fbAQLP

exports[`snapshot 1 1`] = `
<div
  className="row"
>
  <div
    className="col-sm"
  >
    <a
      className="bk-thumb"
      onClick={[Function]}
    >
      <img
        alt="JavaScript"
      />
    </a>
  </div>
</div>
`;
